C:/Users/shang/Desktop/ParkSoYeon/External Library/Inc/custom_delay.h:20:22:Custom_Delay_us	16	static
C:/Users/shang/Desktop/ParkSoYeon/External Library/Inc/custom_delay.h:28:22:Custom_Delay_ms	16	static
C:/Users/shang/Desktop/ParkSoYeon/External Library/Inc/custom_delay.h:39:22:Custom_Delay_Init_SysTick	4	static
../Drivers/STM32F4xx_HAL_Driver/Inc/stm32f4xx_ll_usart.h:410:22:LL_USART_Enable	16	static
../Drivers/STM32F4xx_HAL_Driver/Inc/stm32f4xx_ll_usart.h:1814:26:LL_USART_IsActiveFlag_TXE	16	static
../Drivers/STM32F4xx_HAL_Driver/Inc/stm32f4xx_ll_usart.h:2426:22:LL_USART_TransmitData8	16	static
../Main/Src/init.c:16:5:__io_putchar	16	static
../Main/Src/init.c:23:6:cali_menu1	8	static
../Main/Src/init.c:39:6:threshold_change	32	static
../Main/Src/init.c:56:6:check_delay	8	static
../Main/Src/init.c:72:6:Init	16	static
