../Drivers/STM32F4xx_HAL_Driver/Inc/stm32f4xx_ll_adc.h:3870:22:LL_ADC_Enable	16	static
../Drivers/STM32F4xx_HAL_Driver/Inc/stm32f4xx_ll_adc.h:3881:22:LL_ADC_Disable	16	static
../Drivers/STM32F4xx_HAL_Driver/Inc/stm32f4xx_ll_adc.h:3921:22:LL_ADC_REG_StartConversionSWStart	16	static
../Drivers/STM32F4xx_HAL_Driver/Inc/stm32f4xx_ll_adc.h:3989:26:LL_ADC_REG_ReadConversionData12	16	static
../Drivers/STM32F4xx_HAL_Driver/Inc/stm32f4xx_ll_adc.h:4290:26:LL_ADC_IsActiveFlag_EOCS	16	static
../Drivers/STM32F4xx_HAL_Driver/Inc/stm32f4xx_ll_adc.h:4343:22:LL_ADC_ClearFlag_EOCS	16	static
../Drivers/STM32F4xx_HAL_Driver/Inc/stm32f4xx_ll_tim.h:1116:22:LL_TIM_EnableCounter	16	static
../Drivers/STM32F4xx_HAL_Driver/Inc/stm32f4xx_ll_tim.h:1127:22:LL_TIM_DisableCounter	16	static
../Drivers/STM32F4xx_HAL_Driver/Inc/stm32f4xx_ll_tim.h:3460:22:LL_TIM_EnableIT_UPDATE	16	static
../Drivers/STM32F4xx_HAL_Driver/Inc/stm32f4xx_ll_tim.h:3471:22:LL_TIM_DisableIT_UPDATE	16	static
C:/Users/shang/Desktop/ParkSoYeon/External Library/Inc/custom_delay.h:20:22:Custom_Delay_us	16	static
C:/Users/shang/Desktop/ParkSoYeon/External Library/Inc/custom_delay.h:28:22:Custom_Delay_ms	16	static
../Main/Src/sensor.c:28:6:Sensor_Start	8	static
../Main/Src/sensor.c:37:6:Sensor_Stop	8	static
../Main/Src/sensor.c:43:26:Sensor_ADC_Read	16	static,ignoring_inline_asm
../Main/Src/sensor.c:54:6:Sensor_TIM5_IRQ	16	static
../Main/Src/sensor.c:121:6:Sensor_Test_Raw	48	static
../Main/Src/sensor.c:136:6:Sensor_Calibration	64	static
../Main/Src/sensor.c:175:6:Sensor_Test_Normalized	56	static
../Main/Src/sensor.c:190:6:Sensor_Test_State	32	static
../Main/Src/sensor.c:216:6:position_test	24	static
