/Users/hoya/STM32CubeIDE/workspace_1.12.1/nucleo-linetracer/src/External Library/Inc/custom_delay.h:16:22:Custom_Delay_us	16	static
/Users/hoya/STM32CubeIDE/workspace_1.12.1/nucleo-linetracer/src/External Library/Inc/custom_delay.h:24:22:Custom_Delay_ms	16	static
/Users/hoya/STM32CubeIDE/workspace_1.12.1/nucleo-linetracer/src/External Library/Inc/custom_gpio.h:23:20:Custom_GPIO_Set	24	static
../External Library/Src/custom_lcd.c:20:13:Custom_LCD_RS	16	static
../External Library/Src/custom_lcd.c:25:13:Custom_LCD_EnablePulse	8	static
../External Library/Src/custom_lcd.c:32:13:Custom_LCD_Write	24	static,ignoring_inline_asm
../External Library/Src/custom_lcd.c:55:13:Custom_LCD_WriteCommand	16	static
../External Library/Src/custom_lcd.c:62:13:Custom_LCD_WriteCommand4bit	24	static,ignoring_inline_asm
../External Library/Src/custom_lcd.c:77:13:Custom_LCD_WriteData	16	static
../External Library/Src/custom_lcd.c:88:6:Custom_LCD_Init	8	static
../External Library/Src/custom_lcd.c:116:6:Custom_LCD_SetCursor	24	static
../External Library/Src/custom_lcd.c:121:6:Custom_LCD_Clear	8	static
../External Library/Src/custom_lcd.c:126:6:Custom_LCD_ShiftToRight	24	static
../External Library/Src/custom_lcd.c:132:6:Custom_LCD_ShiftToLeft	24	static
../External Library/Src/custom_lcd.c:138:6:Custom_LCD_Printf	48	static
../External Library/Src/custom_lcd.c:166:6:Custom_LCD_Backlight	16	static
