../External Library/Src/Custom_UART_PuTTY.c:55:6:FTDI_IRQHandler	8	static
../External Library/Src/Custom_UART_PuTTY.c:66:6:FTDI_Begin	16	static
../External Library/Src/Custom_UART_PuTTY.c:78:10:FTDI_IsBegin	4	static
../External Library/Src/Custom_UART_PuTTY.c:88:6:FTDI_End	8	static
../External Library/Src/Custom_UART_PuTTY.c:96:6:FTDI_Print	528	static
../External Library/Src/Custom_UART_PuTTY.c:111:6:FTDI_Printf	528	static
../External Library/Src/Custom_UART_PuTTY.c:128:9:FTDI_Read	4	static
../External Library/Src/Custom_UART_PuTTY.c:137:6:FTDI_Write	16	static
../External Library/Src/Custom_UART_PuTTY.c:147:9:FTDI_Available	4	static
../External Library/Src/Custom_UART_PuTTY.c:152:9:FTDI_Scan	24	static
../External Library/Src/Custom_UART_PuTTY.c:163:6:FTDI_Delay	24	static
../External Library/Src/Custom_UART_PuTTY.c:171:6:FTDI_Flush	4	static
../External Library/Src/Custom_UART_PuTTY.c:176:10:FTDI_Peek	16	static
../External Library/Src/Custom_UART_PuTTY.c:193:6:PuTTY_Init	16	static
../External Library/Src/Custom_UART_PuTTY.c:202:6:PuTTY_StartScan	16	static
../External Library/Src/Custom_UART_PuTTY.c:210:16:PuTTY_PrevUTF8	16	static
../External Library/Src/Custom_UART_PuTTY.c:228:16:PuTTY_NextUTF8	24	static
../External Library/Src/Custom_UART_PuTTY.c:243:17:PuTTY_UTF8Scan	24	static
../External Library/Src/Custom_UART_PuTTY.c:248:9:PuTTY_Scan	176	static
../External Library/Src/Custom_UART_PuTTY.c:496:10:PuTTY_IsScanning	4	static
../External Library/Src/Custom_UART_PuTTY.c:504:6:PuTTY_Print	536	static
../External Library/Src/Custom_UART_PuTTY.c:700:6:PuTTY_Printf	528	static
../External Library/Src/Custom_UART_PuTTY.c:717:6:PuTTY_Erase	8	static
