../Drivers/STM32F4xx_HAL_Driver/Inc/stm32f4xx_ll_tim.h:3185:22:LL_TIM_ClearFlag_UPDATE	16	static
../Core/Src/stm32f4xx_it.c:72:6:NMI_Handler	4	static
../Core/Src/stm32f4xx_it.c:86:6:HardFault_Handler	4	static
../Core/Src/stm32f4xx_it.c:101:6:MemManage_Handler	4	static
../Core/Src/stm32f4xx_it.c:116:6:BusFault_Handler	4	static
../Core/Src/stm32f4xx_it.c:131:6:UsageFault_Handler	4	static
../Core/Src/stm32f4xx_it.c:146:6:SVC_Handler	4	static
../Core/Src/stm32f4xx_it.c:159:6:DebugMon_Handler	4	static
../Core/Src/stm32f4xx_it.c:172:6:PendSV_Handler	4	static
../Core/Src/stm32f4xx_it.c:184:6:SysTick_Handler	8	static
../Core/Src/stm32f4xx_it.c:204:6:TIM1_BRK_TIM9_IRQHandler	4	static
../Core/Src/stm32f4xx_it.c:215:6:TIM3_IRQHandler	4	static
../Core/Src/stm32f4xx_it.c:226:6:TIM4_IRQHandler	4	static
../Core/Src/stm32f4xx_it.c:237:6:USART2_IRQHandler	8	static
../Core/Src/stm32f4xx_it.c:251:6:TIM5_IRQHandler	8	static
